

GOROOT=/usr/local/go #gosetup
GOPATH=/Users/john.zhang/go #gosetup
/usr/local/go/bin/go test -c -o /Users/john.zhang/Library/Caches/JetBrains/GoLand2023.2/tmp/GoLand/___TestFigure83C_in_6_5840_raft.test 6.5840/raft #gosetup
/usr/local/go/bin/go tool test2json -t /Users/john.zhang/Library/Caches/JetBrains/GoLand2023.2/tmp/GoLand/___TestFigure83C_in_6_5840_raft.test -test.v -test.paniconexit0 -test.run ^\QTestFigure83C\E$
=== RUN   TestFigure83C
Test (3C): Figure 8 ...
2024/07/02 15:55:43 [0]Election Start, term:1
2024/07/02 15:55:43 [0]Election Win, term:1, currentTerm:1
2024/07/02 15:55:43 [0]rf.log=[[0]0:<nil>, ] commitIndex:0, lastApplied:0
2024/07/02 15:55:43 [0 -> 2] increment commitIndex:0, lastApplied:0, matchIndex:[0 0 0 0 0], nextIndex:[1 1 1 1 1]
2024/07/02 15:55:43 [0 -> 4] increment commitIndex:0, lastApplied:0, matchIndex:[0 0 0 0 0], nextIndex:[1 1 1 1 1]
2024/07/02 15:55:43 [0 -> 0] over a half commitIndex:0, lastApplied:0, matchIndex:[0 0 0 0 0], nextIndex:[1 1 1 1 1]
2024/07/02 15:55:43 [0 -> 3] increment commitIndex:0, lastApplied:0, matchIndex:[0 0 0 0 0], nextIndex:[1 1 1 1 1]
2024/07/02 15:55:43 [0 -> 1] increment commitIndex:0, lastApplied:0, matchIndex:[0 0 0 0 0], nextIndex:[1 1 1 1 1]
2024/07/02 15:55:43 [0]New client command, lastLogIndex:1, command:8625133761442287907
2024/07/02 15:55:43 [0]rf.log=[[0]0:<nil>, [1]1:8625133761442287907, ] commitIndex:0, lastApplied:0
2024/07/02 15:55:43 [4]AppendEntries[arg] preLogIdx:0, preLogTerm:0, entries:[0xc00010a948]
2024/07/02 15:55:43 [4]AppendEntries[append] index:1, entry:&{Term:1 Command:8625133761442287907}
2024/07/02 15:55:43 [2]AppendEntries[arg] preLogIdx:0, preLogTerm:0, entries:[0xc000230690]
2024/07/02 15:55:43 [3]AppendEntries[arg] preLogIdx:0, preLogTerm:0, entries:[0xc000010768]
2024/07/02 15:55:43 [2]AppendEntries[append] index:1, entry:&{Term:1 Command:8625133761442287907}
2024/07/02 15:55:43 [3]AppendEntries[append] index:1, entry:&{Term:1 Command:8625133761442287907}
2024/07/02 15:55:43 [1]AppendEntries[arg] preLogIdx:0, preLogTerm:0, entries:[0xc0000b4d98]
2024/07/02 15:55:43 [0 -> 4] increment commitIndex:0, lastApplied:0, matchIndex:[1 0 0 0 1], nextIndex:[2 1 1 1 2]
2024/07/02 15:55:43 [1]AppendEntries[append] index:1, entry:&{Term:1 Command:8625133761442287907}
2024/07/02 15:55:43 [0 -> 3] increment commitIndex:0, lastApplied:0, matchIndex:[1 0 0 1 1], nextIndex:[2 1 1 2 2]
2024/07/02 15:55:43 [0 -> 0] over a half commitIndex:1, lastApplied:0, matchIndex:[1 0 0 1 1], nextIndex:[2 1 1 2 2]
2024/07/02 15:55:43 [0]ApplyMsg: {CommandValid:true Command:8625133761442287907 CommandIndex:1 SnapshotValid:false Snapshot:[] SnapshotTerm:0 SnapshotIndex:0}
2024/07/02 15:55:43 [0 -> 2] increment commitIndex:1, lastApplied:1, matchIndex:[1 0 1 1 1], nextIndex:[2 1 2 2 2]
2024/07/02 15:55:43 [0 -> 1] increment commitIndex:1, lastApplied:1, matchIndex:[1 1 1 1 1], nextIndex:[2 2 2 2 2]
2024/07/02 15:55:43 ----------------- step1, append(8625133761442287907) -----------------
2024/07/02 15:55:43 [0]New client command, lastLogIndex:2, command:3489860638514718207
2024/07/02 15:55:43 [0]rf.log=[[0]0:<nil>, [1]1:8625133761442287907, [2]1:3489860638514718207, ] commitIndex:1, lastApplied:1
2024/07/02 15:55:43 ----------------- iter0, step2, append(3489860638514718207), leader:0 -----------------
2024/07/02 15:55:43 ----------------- iter0, step2-90pct, sleep 9 ms -----------------
2024/07/02 15:55:43 [4]AppendEntries[arg] preLogIdx:1, preLogTerm:1, entries:[0xc0002309d8]
2024/07/02 15:55:43 [3]AppendEntries[arg] preLogIdx:1, preLogTerm:1, entries:[0xc000010b70]
2024/07/02 15:55:43 [4]AppendEntries[append] index:2, entry:&{Term:1 Command:3489860638514718207}
2024/07/02 15:55:43 [4]AppendEntries[commit] my lastIdx:2, commitIndex:0 -> 1
2024/07/02 15:55:43 [4]ApplyMsg: {CommandValid:true Command:8625133761442287907 CommandIndex:1 SnapshotValid:false Snapshot:[] SnapshotTerm:0 SnapshotIndex:0}
2024/07/02 15:55:43 [3]AppendEntries[append] index:2, entry:&{Term:1 Command:3489860638514718207}
2024/07/02 15:55:43 [3]AppendEntries[commit] my lastIdx:2, commitIndex:0 -> 1
2024/07/02 15:55:43 [2]AppendEntries[arg] preLogIdx:1, preLogTerm:1, entries:[0xc00010ac78]
2024/07/02 15:55:43 [3]ApplyMsg: {CommandValid:true Command:8625133761442287907 CommandIndex:1 SnapshotValid:false Snapshot:[] SnapshotTerm:0 SnapshotIndex:0}
2024/07/02 15:55:43 [2]AppendEntries[append] index:2, entry:&{Term:1 Command:3489860638514718207}
2024/07/02 15:55:43 [1]AppendEntries[arg] preLogIdx:1, preLogTerm:1, entries:[0xc0000b5098]
2024/07/02 15:55:43 [2]AppendEntries[commit] my lastIdx:2, commitIndex:0 -> 1
2024/07/02 15:55:43 [1]AppendEntries[append] index:2, entry:&{Term:1 Command:3489860638514718207}
2024/07/02 15:55:43 [1]AppendEntries[commit] my lastIdx:2, commitIndex:0 -> 1
2024/07/02 15:55:43 [2]ApplyMsg: {CommandValid:true Command:8625133761442287907 CommandIndex:1 SnapshotValid:false Snapshot:[] SnapshotTerm:0 SnapshotIndex:0}
2024/07/02 15:55:43 [1]ApplyMsg: {CommandValid:true Command:8625133761442287907 CommandIndex:1 SnapshotValid:false Snapshot:[] SnapshotTerm:0 SnapshotIndex:0}
2024/07/02 15:55:43 [0 -> 4] increment commitIndex:1, lastApplied:1, matchIndex:[2 1 1 1 2], nextIndex:[3 2 2 2 3]
2024/07/02 15:55:43 [0 -> 3] increment commitIndex:1, lastApplied:1, matchIndex:[2 1 1 2 2], nextIndex:[3 2 2 3 3]
2024/07/02 15:55:43 [0 -> 1] increment commitIndex:1, lastApplied:1, matchIndex:[2 2 1 2 2], nextIndex:[3 3 2 3 3]
2024/07/02 15:55:43 [0 -> 0] over a half commitIndex:2, lastApplied:1, matchIndex:[2 2 1 2 2], nextIndex:[3 3 2 3 3]
2024/07/02 15:55:43 [0]ApplyMsg: {CommandValid:true Command:3489860638514718207 CommandIndex:2 SnapshotValid:false Snapshot:[] SnapshotTerm:0 SnapshotIndex:0}
2024/07/02 15:55:43 [0 -> 2] increment commitIndex:2, lastApplied:2, matchIndex:[2 2 2 2 2], nextIndex:[3 3 3 3 3]
2024/07/02 15:55:43 [0]Kill
2024/07/02 15:55:43 ----------------- iter0, step3, crash leader:0 -----------------
2024/07/02 15:55:43 ----------------- iter1, step2-90pct, sleep 5 ms -----------------
2024/07/02 15:55:43 ----------------- iter2, step2-90pct, sleep 11 ms -----------------
2024/07/02 15:55:43 ----------------- iter3, step2-90pct, sleep 2 ms -----------------
2024/07/02 15:55:43 ----------------- iter4, step2-90pct, sleep 3 ms -----------------
2024/07/02 15:55:43 ----------------- iter5, step2-90pct, sleep 6 ms -----------------
2024/07/02 15:55:43 ----------------- iter6, step2-90pct, sleep 12 ms -----------------
2024/07/02 15:55:43 ----------------- iter7, step2-90pct, sleep 3 ms -----------------
2024/07/02 15:55:43 ----------------- iter8, step2-10pct, sleep 469 ms -----------------
2024/07/02 15:55:44 ----------------- iter9, step2-90pct, sleep 7 ms -----------------
2024/07/02 15:55:44 ----------------- iter10, step2-90pct, sleep 12 ms -----------------
2024/07/02 15:55:44 ----------------- iter11, step2-10pct, sleep 226 ms -----------------
2024/07/02 15:55:44 ----------------- iter12, step2-90pct, sleep 12 ms -----------------
2024/07/02 15:55:44 ----------------- iter13, step2-90pct, sleep 1 ms -----------------
2024/07/02 15:55:44 ----------------- iter14, step2-90pct, sleep 0 ms -----------------
2024/07/02 15:55:44 ----------------- iter15, step2-90pct, sleep 0 ms -----------------
2024/07/02 15:55:44 ----------------- iter16, step2-90pct, sleep 11 ms -----------------
2024/07/02 15:55:44 ----------------- iter17, step2-90pct, sleep 7 ms -----------------
2024/07/02 15:55:44 ----------------- iter18, step2-90pct, sleep 0 ms -----------------
2024/07/02 15:55:44 ----------------- iter19, step2-90pct, sleep 7 ms -----------------
2024/07/02 15:55:44 ----------------- iter20, step2-90pct, sleep 7 ms -----------------
2024/07/02 15:55:44 ----------------- iter21, step2-90pct, sleep 1 ms -----------------
2024/07/02 15:55:44 ----------------- iter22, step2-90pct, sleep 11 ms -----------------
2024/07/02 15:55:44 ----------------- iter23, step2-90pct, sleep 0 ms -----------------
2024/07/02 15:55:44 ----------------- iter24, step2-90pct, sleep 10 ms -----------------
2024/07/02 15:55:44 ----------------- iter25, step2-90pct, sleep 9 ms -----------------
2024/07/02 15:55:44 ----------------- iter26, step2-90pct, sleep 7 ms -----------------
2024/07/02 15:55:44 ----------------- iter27, step2-90pct, sleep 10 ms -----------------
2024/07/02 15:55:44 ----------------- iter28, step2-90pct, sleep 11 ms -----------------
2024/07/02 15:55:44 ----------------- iter29, step2-90pct, sleep 6 ms -----------------
2024/07/02 15:55:44 ----------------- iter30, step2-90pct, sleep 4 ms -----------------
2024/07/02 15:55:44 ----------------- iter31, step2-90pct, sleep 10 ms -----------------
2024/07/02 15:55:44 ----------------- iter32, step2-90pct, sleep 10 ms -----------------
2024/07/02 15:55:44 ----------------- iter33, step2-90pct, sleep 12 ms -----------------
2024/07/02 15:55:44 ----------------- iter34, step2-90pct, sleep 2 ms -----------------
2024/07/02 15:55:44 ----------------- iter35, step2-10pct, sleep 333 ms -----------------
2024/07/02 15:55:44 [2]Election Start, term:2
2024/07/02 15:55:44 [2]Election Win, term:2, currentTerm:2
2024/07/02 15:55:44 [2]rf.log=[[0]0:<nil>, [1]1:8625133761442287907, [2]1:3489860638514718207, ] commitIndex:1, lastApplied:1
2024/07/02 15:55:44 [4]AppendEntries[arg] preLogIdx:0, preLogTerm:0, entries:[0xc0000b5638 0xc0000b5650]
2024/07/02 15:55:44 [4]AppendEntries[overwrite] index:1, entry:&{Term:1 Command:8625133761442287907}
2024/07/02 15:55:44 [3]AppendEntries[arg] preLogIdx:0, preLogTerm:0, entries:[0xc00010b1e8 0xc00010b200]
2024/07/02 15:55:44 [4]AppendEntries[overwrite] index:2, entry:&{Term:1 Command:3489860638514718207}
2024/07/02 15:55:44 [3]AppendEntries[overwrite] index:1, entry:&{Term:1 Command:8625133761442287907}
2024/07/02 15:55:44 [3]AppendEntries[overwrite] index:2, entry:&{Term:1 Command:3489860638514718207}
2024/07/02 15:55:44 [1]AppendEntries[arg] preLogIdx:0, preLogTerm:0, entries:[0xc000230d20 0xc000230d38]
2024/07/02 15:55:44 [1]AppendEntries[overwrite] index:1, entry:&{Term:1 Command:8625133761442287907}
2024/07/02 15:55:44 [1]AppendEntries[overwrite] index:2, entry:&{Term:1 Command:3489860638514718207}
2024/07/02 15:55:44 [2 -> 3] increment commitIndex:1, lastApplied:1, matchIndex:[0 0 2 2 0], nextIndex:[1 1 3 3 1]
2024/07/02 15:55:44 [2 -> 4] increment commitIndex:1, lastApplied:1, matchIndex:[0 0 2 2 2], nextIndex:[1 1 3 3 3]
2024/07/02 15:55:44 [2 -> 2] over a half commitIndex:2, lastApplied:1, matchIndex:[0 0 2 2 2], nextIndex:[1 1 3 3 3]
2024/07/02 15:55:44 [2]ApplyMsg: {CommandValid:true Command:3489860638514718207 CommandIndex:2 SnapshotValid:false Snapshot:[] SnapshotTerm:0 SnapshotIndex:0}
2024/07/02 15:55:44 [2 -> 1] increment commitIndex:2, lastApplied:2, matchIndex:[0 2 2 2 2], nextIndex:[1 3 3 3 3]
2024/07/02 15:55:45 [4]AppendEntries[commit] my lastIdx:2, commitIndex:1 -> 2
2024/07/02 15:55:45 [4]ApplyMsg: {CommandValid:true Command:3489860638514718207 CommandIndex:2 SnapshotValid:false Snapshot:[] SnapshotTerm:0 SnapshotIndex:0}
2024/07/02 15:55:45 [1]AppendEntries[commit] my lastIdx:2, commitIndex:1 -> 2
2024/07/02 15:55:45 [1]ApplyMsg: {CommandValid:true Command:3489860638514718207 CommandIndex:2 SnapshotValid:false Snapshot:[] SnapshotTerm:0 SnapshotIndex:0}
2024/07/02 15:55:45 [3]AppendEntries[commit] my lastIdx:2, commitIndex:1 -> 2
2024/07/02 15:55:45 [3]ApplyMsg: {CommandValid:true Command:3489860638514718207 CommandIndex:2 SnapshotValid:false Snapshot:[] SnapshotTerm:0 SnapshotIndex:0}
2024/07/02 15:55:45 [2 -> 4] increment commitIndex:2, lastApplied:2, matchIndex:[0 2 2 2 2], nextIndex:[1 3 3 3 3]
2024/07/02 15:55:45 [2 -> 1] increment commitIndex:2, lastApplied:2, matchIndex:[0 2 2 2 2], nextIndex:[1 3 3 3 3]
2024/07/02 15:55:45 [2 -> 3] increment commitIndex:2, lastApplied:2, matchIndex:[0 2 2 2 2], nextIndex:[1 3 3 3 3]
2024/07/02 15:55:45 [2 -> 2] over a half commitIndex:2, lastApplied:2, matchIndex:[0 2 2 2 2], nextIndex:[1 3 3 3 3]
2024/07/02 15:55:45 [2]New client command, lastLogIndex:3, command:2520717033866955494
2024/07/02 15:55:45 [2]rf.log=[[0]0:<nil>, [1]1:8625133761442287907, [2]1:3489860638514718207, [3]2:2520717033866955494, ] commitIndex:2, lastApplied:2
2024/07/02 15:55:45 ----------------- iter36, step2, append(2520717033866955494), leader:2 -----------------
2024/07/02 15:55:45 ----------------- iter36, step2-90pct, sleep 1 ms -----------------
2024/07/02 15:55:45 [1]AppendEntries[arg] preLogIdx:2, preLogTerm:1, entries:[0xc000011488]
2024/07/02 15:55:45 [1]AppendEntries[append] index:3, entry:&{Term:2 Command:2520717033866955494}
2024/07/02 15:55:45 [4]AppendEntries[arg] preLogIdx:2, preLogTerm:1, entries:[0xc0000b5da0]
2024/07/02 15:55:45 [4]AppendEntries[append] index:3, entry:&{Term:2 Command:2520717033866955494}
2024/07/02 15:55:45 [3]AppendEntries[arg] preLogIdx:2, preLogTerm:1, entries:[0xc00010b548]
2024/07/02 15:55:45 [3]AppendEntries[append] index:3, entry:&{Term:2 Command:2520717033866955494}
2024/07/02 15:55:45 [2 -> 4] increment commitIndex:2, lastApplied:2, matchIndex:[0 2 3 2 3], nextIndex:[1 3 4 3 4]
2024/07/02 15:55:45 [2 -> 1] increment commitIndex:2, lastApplied:2, matchIndex:[0 3 3 2 3], nextIndex:[1 4 4 3 4]
2024/07/02 15:55:45 [2 -> 2] over a half commitIndex:3, lastApplied:2, matchIndex:[0 3 3 2 3], nextIndex:[1 4 4 3 4]
2024/07/02 15:55:45 [2]ApplyMsg: {CommandValid:true Command:2520717033866955494 CommandIndex:3 SnapshotValid:false Snapshot:[] SnapshotTerm:0 SnapshotIndex:0}
2024/07/02 15:55:45 [2 -> 3] increment commitIndex:3, lastApplied:3, matchIndex:[0 3 3 3 3], nextIndex:[1 4 4 4 4]
2024/07/02 15:55:45 [2]Kill
2024/07/02 15:55:45 ----------------- iter36, step3, crash leader:2 -----------------
2024/07/02 15:55:45 ----------------- iter37, step2-90pct, sleep 11 ms -----------------
2024/07/02 15:55:45 ----------------- iter38, step2-90pct, sleep 8 ms -----------------
2024/07/02 15:55:45 ----------------- iter39, step2-90pct, sleep 2 ms -----------------
2024/07/02 15:55:45 ----------------- iter40, step2-90pct, sleep 12 ms -----------------
2024/07/02 15:55:45 ----------------- iter41, step2-90pct, sleep 0 ms -----------------
2024/07/02 15:55:45 ----------------- iter42, step2-90pct, sleep 2 ms -----------------
2024/07/02 15:55:45 ----------------- iter43, step2-90pct, sleep 6 ms -----------------
2024/07/02 15:55:45 ----------------- iter44, step2-90pct, sleep 10 ms -----------------
2024/07/02 15:55:45 ----------------- iter45, step2-90pct, sleep 10 ms -----------------
2024/07/02 15:55:45 ----------------- iter46, step2-90pct, sleep 5 ms -----------------
2024/07/02 15:55:45 ----------------- iter47, step2-90pct, sleep 3 ms -----------------
2024/07/02 15:55:45 ----------------- iter48, step2-90pct, sleep 9 ms -----------------
2024/07/02 15:55:45 ----------------- iter49, step2-90pct, sleep 0 ms -----------------
2024/07/02 15:55:45 ----------------- iter50, step2-90pct, sleep 9 ms -----------------
2024/07/02 15:55:45 ----------------- iter51, step2-90pct, sleep 10 ms -----------------
2024/07/02 15:55:45 ----------------- iter52, step2-90pct, sleep 3 ms -----------------
2024/07/02 15:55:45 ----------------- iter53, step2-90pct, sleep 5 ms -----------------
2024/07/02 15:55:45 ----------------- iter54, step2-90pct, sleep 0 ms -----------------
2024/07/02 15:55:45 ----------------- iter55, step2-90pct, sleep 4 ms -----------------
2024/07/02 15:55:45 ----------------- iter56, step2-90pct, sleep 8 ms -----------------
2024/07/02 15:55:45 ----------------- iter57, step2-90pct, sleep 3 ms -----------------
2024/07/02 15:55:45 ----------------- iter58, step2-90pct, sleep 5 ms -----------------
2024/07/02 15:55:45 ----------------- iter59, step2-90pct, sleep 4 ms -----------------
2024/07/02 15:55:45 ----------------- iter60, step2-10pct, sleep 64 ms -----------------
2024/07/02 15:55:45 ----------------- iter61, step2-90pct, sleep 4 ms -----------------
2024/07/02 15:55:45 ----------------- iter62, step2-90pct, sleep 0 ms -----------------
2024/07/02 15:55:45 ----------------- iter63, step2-10pct, sleep 184 ms -----------------
2024/07/02 15:55:45 ----------------- iter64, step2-90pct, sleep 11 ms -----------------
2024/07/02 15:55:45 ----------------- iter65, step2-90pct, sleep 11 ms -----------------
2024/07/02 15:55:45 ----------------- iter66, step2-90pct, sleep 2 ms -----------------
2024/07/02 15:55:45 ----------------- iter67, step2-90pct, sleep 9 ms -----------------
2024/07/02 15:55:45 ----------------- iter68, step2-90pct, sleep 4 ms -----------------
2024/07/02 15:55:45 ----------------- iter69, step2-90pct, sleep 10 ms -----------------
2024/07/02 15:55:45 ----------------- iter70, step2-90pct, sleep 10 ms -----------------
2024/07/02 15:55:45 ----------------- iter71, step2-10pct, sleep 414 ms -----------------
2024/07/02 15:55:46 ----------------- iter72, step2-90pct, sleep 9 ms -----------------
2024/07/02 15:55:46 ----------------- iter73, step2-90pct, sleep 8 ms -----------------
2024/07/02 15:55:46 ----------------- iter74, step2-90pct, sleep 7 ms -----------------
2024/07/02 15:55:46 ----------------- iter75, step2-90pct, sleep 3 ms -----------------
2024/07/02 15:55:46 ----------------- iter76, step2-90pct, sleep 12 ms -----------------
2024/07/02 15:55:46 ----------------- iter77, step2-90pct, sleep 1 ms -----------------
2024/07/02 15:55:46 ----------------- iter78, step2-10pct, sleep 356 ms -----------------
2024/07/02 15:55:46 [4]Election Start, term:3
2024/07/02 15:55:46 [4]Election Win, term:3, currentTerm:3
2024/07/02 15:55:46 [4]rf.log=[[0]0:<nil>, [1]1:8625133761442287907, [2]1:3489860638514718207, [3]2:2520717033866955494, ] commitIndex:2, lastApplied:2
2024/07/02 15:55:46 [3]AppendEntries[arg] preLogIdx:0, preLogTerm:0, entries:[0xc0002315a8 0xc0002315c0 0xc0002315d8]
2024/07/02 15:55:46 [3]AppendEntries[overwrite] index:1, entry:&{Term:1 Command:8625133761442287907}
2024/07/02 15:55:46 [3]AppendEntries[overwrite] index:2, entry:&{Term:1 Command:3489860638514718207}
2024/07/02 15:55:46 [3]AppendEntries[overwrite] index:3, entry:&{Term:2 Command:2520717033866955494}
2024/07/02 15:55:46 [1]AppendEntries[arg] preLogIdx:0, preLogTerm:0, entries:[0xc000011860 0xc000011878 0xc000011890]
2024/07/02 15:55:46 [1]AppendEntries[overwrite] index:1, entry:&{Term:1 Command:8625133761442287907}
2024/07/02 15:55:46 [1]AppendEntries[overwrite] index:2, entry:&{Term:1 Command:3489860638514718207}
2024/07/02 15:55:46 [1]AppendEntries[overwrite] index:3, entry:&{Term:2 Command:2520717033866955494}
2024/07/02 15:55:46 [4 -> 3] increment commitIndex:2, lastApplied:2, matchIndex:[0 0 0 3 3], nextIndex:[1 1 1 4 4]
2024/07/02 15:55:46 [4 -> 1] increment commitIndex:2, lastApplied:2, matchIndex:[0 3 0 3 3], nextIndex:[1 4 1 4 4]
2024/07/02 15:55:46 [4 -> 4] over a half commitIndex:3, lastApplied:2, matchIndex:[0 3 0 3 3], nextIndex:[1 4 1 4 4]
2024/07/02 15:55:46 [4]ApplyMsg: {CommandValid:true Command:2520717033866955494 CommandIndex:3 SnapshotValid:false Snapshot:[] SnapshotTerm:0 SnapshotIndex:0}
2024/07/02 15:55:46 [4]New client command, lastLogIndex:4, command:1433227011020748630
2024/07/02 15:55:46 [4]rf.log=[[0]0:<nil>, [1]1:8625133761442287907, [2]1:3489860638514718207, [3]2:2520717033866955494, [4]3:1433227011020748630, ] commitIndex:3, lastApplied:3
2024/07/02 15:55:46 ----------------- iter79, step2, append(1433227011020748630), leader:4 -----------------
2024/07/02 15:55:46 ----------------- iter79, step2-90pct, sleep 7 ms -----------------
2024/07/02 15:55:46 [3]AppendEntries[arg] preLogIdx:3, preLogTerm:2, entries:[0xc000011c80]
2024/07/02 15:55:46 [3]AppendEntries[append] index:4, entry:&{Term:3 Command:1433227011020748630}
2024/07/02 15:55:46 [3]AppendEntries[commit] my lastIdx:4, commitIndex:2 -> 3
2024/07/02 15:55:46 [3]ApplyMsg: {CommandValid:true Command:2520717033866955494 CommandIndex:3 SnapshotValid:false Snapshot:[] SnapshotTerm:0 SnapshotIndex:0}
2024/07/02 15:55:46 [1]AppendEntries[arg] preLogIdx:3, preLogTerm:2, entries:[0xc0001bc0d8]
2024/07/02 15:55:46 [1]AppendEntries[append] index:4, entry:&{Term:3 Command:1433227011020748630}
2024/07/02 15:55:46 [1]AppendEntries[commit] my lastIdx:4, commitIndex:2 -> 3
2024/07/02 15:55:46 [1]ApplyMsg: {CommandValid:true Command:2520717033866955494 CommandIndex:3 SnapshotValid:false Snapshot:[] SnapshotTerm:0 SnapshotIndex:0}
2024/07/02 15:55:46 [4 -> 3] increment commitIndex:3, lastApplied:3, matchIndex:[0 3 0 4 4], nextIndex:[1 4 1 5 5]
2024/07/02 15:55:46 [4 -> 1] increment commitIndex:3, lastApplied:3, matchIndex:[0 4 0 4 4], nextIndex:[1 5 1 5 5]
2024/07/02 15:55:46 [4 -> 4] over a half commitIndex:4, lastApplied:3, matchIndex:[0 4 0 4 4], nextIndex:[1 5 1 5 5]
2024/07/02 15:55:46 [4]ApplyMsg: {CommandValid:true Command:1433227011020748630 CommandIndex:4 SnapshotValid:false Snapshot:[] SnapshotTerm:0 SnapshotIndex:0}
2024/07/02 15:55:46 [4]Kill
2024/07/02 15:55:46 ----------------- iter79, step3, crash leader:4 -----------------
2024/07/02 15:55:46 [2]readPersist currentTerm:2, voteForId:-1
2024/07/02 15:55:46 [2]rf.log=[[0]0:<nil>, [1]1:8625133761442287907, [2]1:3489860638514718207, [3]2:2520717033866955494, ] commitIndex:3, lastApplied:3
2024/07/02 15:55:46 ----------------- iter79, step3, restarted:2 -----------------
2024/07/02 15:55:46 ----------------- iter80, step2-90pct, sleep 8 ms -----------------
2024/07/02 15:55:46 ----------------- iter81, step2-90pct, sleep 7 ms -----------------
2024/07/02 15:55:46 ----------------- iter82, step2-90pct, sleep 11 ms -----------------
2024/07/02 15:55:46 ----------------- iter83, step2-90pct, sleep 11 ms -----------------
2024/07/02 15:55:46 ----------------- iter84, step2-90pct, sleep 1 ms -----------------
2024/07/02 15:55:46 ----------------- iter85, step2-90pct, sleep 12 ms -----------------
2024/07/02 15:55:46 ----------------- iter86, step2-90pct, sleep 1 ms -----------------
2024/07/02 15:55:46 ----------------- iter87, step2-90pct, sleep 10 ms -----------------
2024/07/02 15:55:46 ----------------- iter88, step2-90pct, sleep 12 ms -----------------
2024/07/02 15:55:46 ----------------- iter89, step2-90pct, sleep 2 ms -----------------
2024/07/02 15:55:46 ----------------- iter90, step2-90pct, sleep 5 ms -----------------
2024/07/02 15:55:46 ----------------- iter91, step2-90pct, sleep 7 ms -----------------
2024/07/02 15:55:46 ----------------- iter92, step2-90pct, sleep 5 ms -----------------
2024/07/02 15:55:46 ----------------- iter93, step2-90pct, sleep 11 ms -----------------
2024/07/02 15:55:46 ----------------- iter94, step2-90pct, sleep 12 ms -----------------
2024/07/02 15:55:46 ----------------- iter95, step2-90pct, sleep 12 ms -----------------
2024/07/02 15:55:46 ----------------- iter96, step2-90pct, sleep 7 ms -----------------
2024/07/02 15:55:46 ----------------- iter97, step2-90pct, sleep 0 ms -----------------
2024/07/02 15:55:46 ----------------- iter98, step2-90pct, sleep 5 ms -----------------
2024/07/02 15:55:46 ----------------- iter99, step2-90pct, sleep 2 ms -----------------
2024/07/02 15:55:46 ----------------- iter100, step2-90pct, sleep 10 ms -----------------
2024/07/02 15:55:46 ----------------- iter101, step2-10pct, sleep 143 ms -----------------
2024/07/02 15:55:46 [2]Election Start, term:3
2024/07/02 15:55:46 [2]Election Win, term:3, currentTerm:3 ===> 不应该win，应该让[4,1,3]中的一个win
2024/07/02 15:55:46 [2]rf.log=[[0]0:<nil>, [1]1:8625133761442287907, [2]1:3489860638514718207, [3]2:2520717033866955494, ] commitIndex:3, lastApplied:3
2024/07/02 15:55:46 [3]AppendEntries[arg] preLogIdx:0, preLogTerm:0, entries:[0xc0001bc6f0 0xc0001bc708 0xc0001bc720]
2024/07/02 15:55:46 [3]AppendEntries[overwrite] index:1, entry:&{Term:1 Command:8625133761442287907}
2024/07/02 15:55:46 [3]AppendEntries[overwrite] index:2, entry:&{Term:1 Command:3489860638514718207}
2024/07/02 15:55:46 [3]AppendEntries[overwrite] index:3, entry:&{Term:2 Command:2520717033866955494}
2024/07/02 15:55:46 [1]AppendEntries[arg] preLogIdx:0, preLogTerm:0, entries:[0xc000231950 0xc000231968 0xc000231980]
2024/07/02 15:55:46 [1]AppendEntries[overwrite] index:1, entry:&{Term:1 Command:8625133761442287907}
2024/07/02 15:55:46 [1]AppendEntries[overwrite] index:2, entry:&{Term:1 Command:3489860638514718207}
2024/07/02 15:55:46 [1]AppendEntries[overwrite] index:3, entry:&{Term:2 Command:2520717033866955494}
2024/07/02 15:55:46 [2 -> 3] increment commitIndex:3, lastApplied:3, matchIndex:[0 0 3 3 0], nextIndex:[1 1 4 4 1]
2024/07/02 15:55:46 [2 -> 1] increment commitIndex:3, lastApplied:3, matchIndex:[0 3 3 3 0], nextIndex:[1 4 4 4 1]
2024/07/02 15:55:46 [2 -> 2] over a half commitIndex:3, lastApplied:3, matchIndex:[0 3 3 3 0], nextIndex:[1 4 4 4 1]
2024/07/02 15:55:46 [2]New client command, lastLogIndex:4, command:8894703273521649960
2024/07/02 15:55:46 [2]rf.log=[[0]0:<nil>, [1]1:8625133761442287907, [2]1:3489860638514718207, [3]2:2520717033866955494, [4]3:8894703273521649960, ] commitIndex:3, lastApplied:3
2024/07/02 15:55:46 ----------------- iter102, step2, append(8894703273521649960), leader:2 -----------------
2024/07/02 15:55:46 ----------------- iter102, step2-90pct, sleep 2 ms -----------------
2024/07/02 15:55:46 [1]AppendEntries[arg] preLogIdx:3, preLogTerm:2, entries:[0xc0002da1e0]
2024/07/02 15:55:46 [1]AppendEntries[overwrite] index:4, entry:&{Term:3 Command:8894703273521649960}
2024/07/02 15:55:46 [3]AppendEntries[arg] preLogIdx:3, preLogTerm:2, entries:[0xc00010bcf8]
2024/07/02 15:55:46 [3]AppendEntries[overwrite] index:4, entry:&{Term:3 Command:8894703273521649960}
2024/07/02 15:55:46 [2 -> 1] increment commitIndex:3, lastApplied:3, matchIndex:[0 4 4 3 0], nextIndex:[1 5 5 4 1]
2024/07/02 15:55:46 [2 -> 3] increment commitIndex:3, lastApplied:3, matchIndex:[0 4 4 4 0], nextIndex:[1 5 5 5 1]
2024/07/02 15:55:46 [2 -> 2] over a half commitIndex:4, lastApplied:3, matchIndex:[0 4 4 4 0], nextIndex:[1 5 5 5 1]
2024/07/02 15:55:46 [2]ApplyMsg: {CommandValid:true Command:8894703273521649960 CommandIndex:4 SnapshotValid:false Snapshot:[] SnapshotTerm:0 SnapshotIndex:0}
2024/07/02 15:55:46 2: log map[1:8625133761442287907 2:3489860638514718207 3:2520717033866955494]; server map[1:8625133761442287907 2:3489860638514718207 3:2520717033866955494 4:1433227011020748630]
2024/07/02 15:55:46 apply error1: commit index=4 server=2 8894703273521649960 != server=4 1433227011020748630


Process finished with the exit code 1

